
There are no discarded input sections

Memory Configuration

Name             Origin             Length             Attributes
FLASH            0x08000000         0x00100000         xr
SRAM             0x20000000         0x00020000         xrw
*default*        0x00000000         0xffffffff

Linker script and memory map

LOAD main.o
LOAD stm32f446xx_startup.o
                0x00000400                        _max_heap_size = 0x400
                0x00000200                        _max_stack_size = 0x200

.text           0x08000000      0x294
 *(.vector_table)
 .vector_table  0x08000000      0x188 stm32f446xx_startup.o
                0x08000000                vectors
 *(.text)
 .text          0x08000188       0x88 main.o
                0x08000188                delay
                0x080001bc                main
 .text          0x08000210       0x84 stm32f446xx_startup.o
                0x08000210                Reset_Handler
 *(.text.*)
 *(.init)
 *(.fini)
 *(.rodata)
 *(.rodata.*)
                0x08000294                        . = ALIGN (0x4)
                0x08000294                        _etext = .
                0x08000294                        _la_data = LOADADDR (.data)

.glue_7         0x08000294        0x0
 .glue_7        0x08000294        0x0 linker stubs

.glue_7t        0x08000294        0x0
 .glue_7t       0x08000294        0x0 linker stubs

.vfp11_veneer   0x08000294        0x0
 .vfp11_veneer  0x08000294        0x0 linker stubs

.v4_bx          0x08000294        0x0
 .v4_bx         0x08000294        0x0 linker stubs

.iplt           0x08000294        0x0
 .iplt          0x08000294        0x0 main.o

.rel.dyn        0x08000294        0x0
 .rel.iplt      0x08000294        0x0 main.o

.data           0x20000000        0x0 load address 0x08000294
                0x20000000                        _sdata = .
 *(.data)
 .data          0x20000000        0x0 main.o
 .data          0x20000000        0x0 stm32f446xx_startup.o
 *(.data.*)
                0x20000000                        . = ALIGN (0x4)
                0x20000000                        _edata = .

.igot.plt       0x20000000        0x0 load address 0x08000294
 .igot.plt      0x20000000        0x0 main.o

.bss            0x20000000        0x0 load address 0x08000294
                0x20000000                        _sbss = .
                0x20000000                        __bss_start__ = _sbss
 *(.bss)
 .bss           0x20000000        0x0 main.o
 .bss           0x20000000        0x0 stm32f446xx_startup.o
 *(.bss.*)
 *(COMMON)
                0x20000000                        . = ALIGN (0x4)
                0x20000000                        _ebss = .
                0x20000000                        __bss_end__ = _ebss
                0x20000000                        . = ALIGN (0x4)
                0x20000000                        end = .
                0x20000000                        __end__ = .
OUTPUT(main.elf elf32-littlearm)
LOAD linker stubs

.comment        0x00000000       0x45
 .comment       0x00000000       0x45 main.o
                                 0x46 (size before relaxing)
 .comment       0x00000045       0x46 stm32f446xx_startup.o

.ARM.attributes
                0x00000000       0x2e
 .ARM.attributes
                0x00000000       0x2e main.o
 .ARM.attributes
                0x0000002e       0x2e stm32f446xx_startup.o
